error: Unknown node.
  --> tests/fail/derive/graph/unknown_edge.rs:16:9
   |
16 |         likes -> comments_posts [label="TrackLikeFriendIds"];
   |         ^^^^^
